// 重构日志: e7909767
// 重构日志: 5bda3f5c
// 重构日志: c85579ee
// 重构日志: 6e786d2a
// 同步 ID: 82008492 @ Thu Jul 23 15:44:50 UTC 2026
// 同步 ID: 3fbb55dd @ Fri Jul 24 18:42:16 UTC 2026
// 重构日志: f19aaff5
// 重构日志: ebab2c56
// 重构日志: e3a9df7e
// 重构日志: aa7699b8
// 同步 ID: e5dd51fb @ Wed Jul 29 00:17:35 UTC 2026
// 同步 ID: 98fc921c @ Thu Jul 30 09:46:10 UTC 2026
// 同步 ID: 8ecaf2ae @ Fri Jul 31 08:55:12 UTC 2026
// 同步 ID: ab30c0c3 @ Sat Aug  1 06:52:00 UTC 2026
// 同步 ID: bf43d360 @ Sat Aug  1 16:09:08 UTC 2026
// 同步 ID: 736a42e5 @ Sun Aug  2 09:09:15 UTC 2026
// 同步 ID: 801215b0 @ Sun Aug  2 17:01:27 UTC 2026
// 重构日志: 572c252c
// 重构日志: 977cc912
// 重构日志: 45488e30
// 同步 ID: f6291c80 @ Thu Aug  6 01:07:56 UTC 2026
// 同步 ID: de4ebfeb @ Fri Aug  7 02:51:35 UTC 2026
